fn funcX_naga_oil_mod_XN53GK4TSNFSGCYTMMUX() -> f32 {
    return 1.0;
}

fn funcX_naga_oil_vrt_XN53GK4TSNFSGCYTMMUXX_naga_oil_mod_XOBWHKZ3JNYX() -> f32 {
    let _e0: f32 = funcX_naga_oil_mod_XN53GK4TSNFSGCYTMMUX();
    return (_e0 + 1.0);
}

fn entry_point() -> f32 {
    let _e0: f32 = funcX_naga_oil_vrt_XN53GK4TSNFSGCYTMMUXX_naga_oil_mod_XOBWHKZ3JNYX();
    return _e0;
}

